[vuabill.com/index.html]
[backblue.gif]
[fade.gif]
[index.html]
[vuabill.com/demo/icons8-bank-100.png]
[vuabill.com/assets/img/favicon/site.webmanifest]
[vuabill.com/assets/img/favicon/safari-pinned-tab.svg]
[vuabill.com/vendor/sweetalert2/dist/sweetalert2.min.css]
[vuabill.com/vendor/notyf/notyf.min.css]
[vuabill.com/vendor/fullcalendar/main.min.css]
[vuabill.com/vendor/apexcharts/dist/apexcharts.css]
[vuabill.com/vendor/dropzone/dist/min/dropzone.min.css]
[vuabill.com/vendor/choices.js/public/assets/styles/choices.min.css]
[vuabill.com/vendor/leaflet/dist/leaflet.css]
[cdnjs.cloudflare.com/ajax/libs/jquery/3.7.1/jquery.min.js]
[vuabill.com/css/volt.css]
[use.fontawesome.com/releases/v5.6.3/css/all.css]
[translate.google.com/translate_a/elementa0d8.js]
[vuabill.com/register.html]
[vuabill.com/login.html]
[vuabill.com/js/sidebar.js]
[sieubill.com/demo/Your paragraph text (2).png]
[vuabill.com/demo/icons8-home-96.png]
[vuabill.com/demo/icons8-topup-payment-96.png]
[vuabill.com/demo/icons8-history-96.png]
[vuabill.com/lich-su-download.html]
[vuabill.com/demo/icons8-download-96.png]
[vuabill.com/fake-bill-chuyen-tien.html]
[vuabill.com/demo/icons8-money-transfer-94.png]
[vuabill.com/fake-cccd.html]
[vuabill.com/demo/icons8-id-card-96.png]
[vuabill.com/fake-ho-chieu.html]
[vuabill.com/demo/icons8-passport-48.png]
[vuabill.com/fake-giay-phep-lai-xe.html]
[vuabill.com/demo/icons8-driver-license-64.png]
[vuabill.com/fake-lich-su-giao-dich.html]
[vuabill.com/demo/icons8-notification-100.png]
[vuabill.com/tao-qr-cccd.html]
[vuabill.com/demo/icons8-qr-scan-64.png]
[vuabill.com/fake-bill-man-hinh.html]
[vuabill.com/demo/icons8-mobile-phone-48.png]
[vuabill.com/demo/9187604.png]
[vuabill.com/thue-goi.html]
[vuabill.com/demo/4142160.png]
[vuabill.com/Green and  Red Simple Christmas Sale Banner.jpg]
[vuabill.com/tool-mua-ip-kich-nut.html]
[vuabill.com/tools/mua-ip-kich-nut/logo.png]
[vuabill.com/tool-buff-share-facebook-max-speed.html]
[vuabill.com/tools/buff-share-facebook-max-speed/logo.png]
[vuabill.com/tools/get-uid-facebook/logo.png]
[vuabill.com/tool-get-uid-facebook.html]
[vuabill.com/tool-tao-anh-the-online.html]
[vuabill.com/tools/tao-anh-the-online/logo.png]
[vuabill.com/tool-mua-tk-chat-gpt.html]
[vuabill.com/tools/mua-tk-chat-gpt/logo.png]
[vuabill.com/tool-photoshop-online.html]
[vuabill.com/tools/photoshop-online/logo.png]
[vuabill.com/tool-check-tich-xanh.html]
[vuabill.com/tools/check-tich-xanh/logo.png]
[vuabill.com/tool-upload-anh-lay-link.html]
[vuabill.com/tools/upload-anh-lay-link/logo.png]
[vuabill.com/xem-code-16.html]
[vuabill.com/uploads/6751bf07a62c6.png]
[vuabill.com/xem-code-8.html]
[vuabill.com/uploads/6751475d50b95.png]
[vuabill.com/xem-code-7.html]
[vuabill.com/uploads/6751471d9034c.png]
[vuabill.com/xem-code-6.html]
[vuabill.com/uploads/675146b4f36f2.jpg]
[vuabill.com/xem-code-5.html]
[vuabill.com/uploads/6751456787360.png]
[vuabill.com/xem-code-4.html]
[vuabill.com/uploads/675144e3233e4.png]
[vuabill.com/xem-code-3.html]
[vuabill.com/uploads/675144727cded.png]
[vuabill.com/xem-code-2.html]
[vuabill.com/uploads/675138fddc736.jpg]
[vuabill.com/demo/1187726.png]
[vuabill.com/index2679.html]
[vuabill.com/cdn-cgi/l/email-protection.html]
[vuabill.com/cdn-cgi/scripts/5c5dd728/cloudflare-static/email-decode.min.js]
[vuabill.com/vendor/@popperjs/core/dist/umd/popper.min.js]
[vuabill.com/vendor/bootstrap/dist/js/bootstrap.min.js]
[vuabill.com/vendor/onscreen/dist/on-screen.umd.min.js]
[vuabill.com/vendor/nouislider/distribute/nouislider.min.js]
[vuabill.com/vendor/smooth-scroll/dist/smooth-scroll.polyfills.min.js]
[vuabill.com/vendor/simple-datatables/dist/umd/simple-datatables.js]
[vuabill.com/vendor/sweetalert2/dist/sweetalert2.min.js]
[vuabill.com/vendor/dropzone/dist/min/dropzone.min.js]
[vuabill.com/vendor/choices.js/public/assets/scripts/choices.min.js]
[vuabill.com/vendor/notyf/notyf.min.js]
[vuabill.com/vendor/simplebar/dist/simplebar.min.js]
[vuabill.com/vendor/sortablejs/Sortable.min.js]
[buttons.github.io/buttons.js]
[vuabill.com/js/volt.js]
[vuabill.com/index.html]
[vuabill.com/assets/img/favicon/safari-pinned-tab.svg]
[vuabill.com/vendor/sweetalert2/dist/sweetalert2.min.css]
[vuabill.com/vendor/notyf/notyf.min.css]
[vuabill.com/vendor/fullcalendar/main.min.css]
[vuabill.com/vendor/apexcharts/dist/apexcharts.css]
[vuabill.com/vendor/dropzone/dist/min/dropzone.min.css]
[vuabill.com/vendor/choices.js/public/assets/styles/choices.min.css]
[vuabill.com/js/notify3f04.js]
[vuabill.com/vendor/leaflet/dist/images/layers.png]
[vuabill.com/vendor/leaflet/dist/images/layers-2x.png]
[vuabill.com/vendor/leaflet/dist/images/marker-icon.png]
[vuabill.com/vendor/leaflet/dist/leaflet.css]
[vuabill.com/css/volt.css]
[use.fontawesome.com/releases/v5.6.3/css/all.css]
[vuabill.com/register.html]
[vuabill.com/js/notify3d4e.js]
[vuabill.com/login.html]
[vuabill.com/js/notify725f.js]
[vuabill.com/lich-su-download.html]
[vuabill.com/fake-bill-chuyen-khoan-techcombank.html]
[vuabill.com/banks/techcombank/logo7518.png]
[vuabill.com/fake-bill-chuyen-khoan-vib.html]
[vuabill.com/banks/vib/logo9a20.png]
[vuabill.com/fake-bill-chuyen-khoan-vietinbank.html]
[vuabill.com/banks/vietinbank/logo5ac6.png]
[vuabill.com/fake-bill-chuyen-khoan-msbbank.html]
[vuabill.com/banks/msbbank/logo1f9a.png]
[vuabill.com/fake-bill-chuyen-khoan-momo.html]
[vuabill.com/banks/momo/logob863.png]
[vuabill.com/fake-bill-chuyen-khoan-vpbank.html]
[vuabill.com/banks/vpbank/logo32a3.png]
[vuabill.com/fake-bill-chuyen-khoan-sacombank.html]
[vuabill.com/banks/sacombank/logod20e.png]
[vuabill.com/fake-bill-chuyen-khoan-mbbank.html]
[vuabill.com/banks/mbbank/logo7ce6.png]
[vuabill.com/fake-bill-chuyen-khoan-agribank.html]
[vuabill.com/banks/agribank/logo7bbe.png]
[vuabill.com/fake-bill-chuyen-khoan-vietcombank.html]
[vuabill.com/banks/vietcombank/logod1c7.png]
[vuabill.com/fake-bill-chuyen-khoan-acb.html]
[vuabill.com/banks/acb/logobafd.png]
[vuabill.com/fake-bill-chuyen-khoan-bidv.html]
[vuabill.com/banks/bidv/logo0437.png]
[vuabill.com/fake-bill-chuyen-khoan-tpbank.html]
[vuabill.com/banks/tpbank/logo53a2.png]
[vuabill.com/fake-bill-chuyen-khoan-momo-momo.html]
[vuabill.com/banks/momo-momo/logod8da.png]
[vuabill.com/demos/bills/download (1).png]
[vuabill.com/demos/bills/download (2).png]
[vuabill.com/demos/bills/download (3).png]
[vuabill.com/demos/bills/download (31).png]
[vuabill.com/demos/bills/download (32).png]
[vuabill.com/demos/bills/download (33).png]
[vuabill.com/demos/bills/download (4).png]
[vuabill.com/demos/bills/download (5).png]
[vuabill.com/demos/bills/download (6).png]
[vuabill.com/demos/bills/download (8).png]
[vuabill.com/demos/bills/download.png]
[vuabill.com/demos/bills/vib.png]
[vuabill.com/fake-bill-chuyen-tien.html]
[vuabill.com/js/notifydf54.js]
[vuabill.com/demo_cccd.jpg]
[vuabill.com/demo_cccd_back.jpg]
[vuabill.com/js/notifyb0c3.js]
[vuabill.com/fake-cccd.html]
[img.upanh.tv/2024/03/06/123106df10efaca5ac0.png]
[vuabill.com/fake-ho-chieu.html]
[vuabill.com/js/notify1d2f.js]
[img.upanh.tv/2024/03/05/giy-phep---mt-sau.png]
[img.upanh.tv/2024/03/05/giy-phep---mt-truc.png]
[vuabill.com/js/notify1621.js]
[vuabill.com/fake-giay-phep-lai-xe.html]
[vuabill.com/fake-lich-su-giao-dich-vietcombank.html]
[vuabill.com/banks/vietcombank/logo05f3.png]
[vuabill.com/fake-lich-su-giao-dich-acb.html]
[vuabill.com/banks/acb/logof404.png]
[vuabill.com/fake-lich-su-giao-dich-bidv.html]
[vuabill.com/banks/bidv/logod668.png]
[vuabill.com/demos/bdsd/download (10).png]
[vuabill.com/demos/bdsd/download (11).png]
[vuabill.com/demos/bdsd/download (30).png]
[vuabill.com/js/notifyb9d6.js]
[vuabill.com/fake-lich-su-giao-dich.html]
[vuabill.com/tao-qr-cccd.html]
[vuabill.com/js/notify78c6.js]
[vuabill.com/banks/vietinbank/logof0c7.png]
[vuabill.com/banks/msbbank/logo32f0.png]
[vuabill.com/fake-bill-man-hinh-msbbank.html]
[vuabill.com/banks/acb/logo8c26.png]
[vuabill.com/demos/manhinh/download (15).png]
[vuabill.com/demos/manhinh/download (17).png]
[vuabill.com/demos/manhinh/download (18).png]
[vuabill.com/js/notify3527.js]
[vuabill.com/fake-bill-man-hinh.html]
[vuabill.com/thue-goi.html]
[vuabill.com/js/notify2156.js]
[vuabill.com/bandicam 2023-11-18 16-19-07-588.mp4]
[vuabill.com/fake-bill-man-hinh-acb.html]
[vuabill.com/POST.de.delayed]
[vuabill.com/api/mua-ip-kich-nut.html]
[vuabill.com/js/notifye2bf.js]
[vuabill.com/tool-mua-ip-kich-nut.html]
[vuabill.com/tool-buff-share-facebook-max-speed.html]
[vuabill.com/js/notify467d.js]
[vuabill.com/fake-bill-man-hinh-vietinbank.html]
[vuabill.com/tool-get-uid-facebook.html]
[vuabill.com/js/notify4607.js]
[vuabill.com/tool-tao-anh-the-online.html]
[vuabill.com/js/notify6a94.js]
[cdn.divineshop.vn/image/catalog/OpenAI - ChatGPT-37620e020.jpg]
[vuabill.com/tool-mua-tk-chat-gpt.html]
[vuabill.com/js/notifyf083.js]
[vuabill.com/tool-photoshop-online.html]
[vuabill.com/js/notify636e.js]
[vuabill.com/tool-check-tich-xanh.html]
[vuabill.com/js/notifyaabc.js]
[cdn.jsdelivr.net/gh/nqt1502/upload-image@main/upload-image.js]
[cdn.jsdelivr.net/gh/nqt1502/upload-image@main/upload-image-id.js]
[cdn.jsdelivr.net/gh/nqt1502/upload-image@main/upload-image.css]
[vuabill.com/tool-upload-anh-lay-link.html]
[vuabill.com/js/notify4182.js]
[vuabill.com/xem-code-16.html]
[vuabill.com/js/notify994d.js]
[vuabill.com/xem-code-8.html]
[vuabill.com/js/notify4cb3.js]
[vuabill.com/xem-code-7.html]
[vuabill.com/js/notify8b77.js]
[vuabill.com/xem-code-6.html]
[vuabill.com/js/notifydc06.js]
[vuabill.com/xem-code-5.html]
[vuabill.com/js/notify95b5.js]
[vuabill.com/xem-code-4.html]
[vuabill.com/js/notify865a.js]
[vuabill.com/xem-code-3.html]
[vuabill.com/js/notify13aa.js]
[vuabill.com/xem-code-2.html]
[vuabill.com/js/notifyca7d.js]
[vuabill.com/index2679.html]
[vuabill.com/cdn-cgi/l/email-protection.html]
[vuabill.com/js/notify109d.js]
[vuabill.com/fake-bill-chuyen-khoan-techcombank.html]
[vuabill.com/js/notifyac62.js]
[vuabill.com/fake-bill-chuyen-khoan-vib.html]
[vuabill.com/js/notify21ad.js]
[vuabill.com/fake-bill-chuyen-khoan-vietinbank.html]
[vuabill.com/js/notifye7ed.js]
[vuabill.com/fake-bill-chuyen-khoan-msbbank.html]
[vuabill.com/js/notify5b2e.js]
[vuabill.com/fake-bill-chuyen-khoan-momo.html]
[vuabill.com/js/notifyf767.js]
[vuabill.com/fake-bill-chuyen-khoan-vpbank.html]
[vuabill.com/js/notify14f3.js]
[vuabill.com/fake-bill-chuyen-khoan-sacombank.html]
[vuabill.com/js/notifye878.js]
[vuabill.com/fake-bill-chuyen-khoan-mbbank.html]
[vuabill.com/js/notifyaaeb.js]
[vuabill.com/fake-bill-chuyen-khoan-agribank.html]
[vuabill.com/js/notify5e1a.js]
[vuabill.com/fake-bill-chuyen-khoan-vietcombank.html]
[vuabill.com/js/notify7a57.js]
[vuabill.com/fake-bill-chuyen-khoan-acb.html]
[vuabill.com/js/notifye98a.js]
[vuabill.com/fake-bill-chuyen-khoan-bidv.html]
[vuabill.com/js/notifyd1bd.js]
[vuabill.com/fake-bill-chuyen-khoan-tpbank.html]
[vuabill.com/js/notify81b2.js]
[vuabill.com/fake-bill-chuyen-khoan-momo-momo.html]
[vuabill.com/js/notify9586.js]
[vuabill.com/fake-lich-su-giao-dich-vietcombank.html]
[vuabill.com/js/notifye4a9.js]
[vuabill.com/fake-lich-su-giao-dich-acb.html]
[vuabill.com/js/notify85d8.js]
[vuabill.com/fake-lich-su-giao-dich-bidv.html]
[vuabill.com/js/notify13b5.js]
[cdnjs.cloudflare.com/ajax/libs/cropperjs/1.5.12/cropper.min.css]
[cdnjs.cloudflare.com/ajax/libs/cropperjs/1.5.12/cropper.min.js]
[vuabill.com/fake-bill-man-hinh-vietinbank.html]
[vuabill.com/js/notifyb333.js]
[vuabill.com/fake-bill-man-hinh-msbbank.html]
[vuabill.com/js/notify0ab3.js]
[vuabill.com/fake-bill-man-hinh-acb.html]
[vuabill.com/js/notify44fb.js]
[vuabill.com/POST.html]
[vuabill.com/api/mua-ip-kich-nut.html]
[cdn.jsdelivr.net/gh/nqt1502/upload-image@main/upload-image.css]
[cdnjs.cloudflare.com/ajax/libs/cropperjs/1.5.12/cropper.min.css]
[vuabill.com/bandicam 2023-11-18 16-19-07-588.mp4]
[vuabill.com/banks/vietcombank/tao-lsgd.html]
[vuabill.com/banks/acb/tao-lsgd.html]
[vuabill.com/banks/bidv/tao-lsgd.html]
